adwaita-colors-icon-theme-git
adwaita-plus-git
base
base-devel
bibata-cursor-theme-bin
blueman
bluez
bluez-utils
brave-bin
brightnessctl
btop-git
btrfs-progs
chaotic-keyring
chaotic-mirrorlist
cmd-wrapped-bin
copyq-git
cpio
ddcutil-git
dunst
efibootmgr
evtest
eza
fastfetch
fcitx5-configtool
fcitx5-gtk
fcitx5-lua
fcitx5-paste-primary-git
fcitx5-themes-candlelight
firefox
fzf
gamemode
git
grim
grimblast-git
gst-plugin-pipewire
gvfs-afc
gvfs-gphoto2
gvfs-mtp
gvfs-nfs
gvfs-smb
hypridle
hyprland
hyprland-qt-support
hyprlock
hyprpicker
hyprpolkitagent
hyprsunset
imagemagick
imv
intel-gpu-tools
intel-media-driver
intel-ucode
iwd
jq
keyd
kitty
ksnip
kvantum
kvantum-qt5
kvantum-theme-orchis-git
layer-shell-qt5
less
libnotify
libpulse
libva-intel-driver
libvpl-git
linux
linux-firmware
linux-headers
linux-lts
mkinitcpio-firmware
morewaita-icon-theme-git
nano
nemo
nemo-audio-tab
nemo-fileroller
nemo-image-converter
nemo-pastebin
nemo-preview
nemo-python
nemo-seahorse
nemo-share
nemo-terminal
neovim
network-manager-applet
networkmanager
noto-fonts-emoji
nss-mdns
nwg-displays
nwg-look
oh-my-posh-bin
openssh
pacman-contrib
pamixer
parallel
paru
pavucontrol
pipewire
pipewire-alsa
pipewire-jack
pipewire-pulse
polkit-gnome
qt5-graphicaleffects
qt5-quickcontrols
qt5-quickcontrols2
qt5-wayland
qt5ct
qt6-wayland
qt6ct
rofi-calc-git
rofi-wayland
sassc
sddm
sddm-astronaut-theme
shikane
slurp
smartmontools
sof-firmware
stow
suru-plus-folders-git
swww
ttf-fantasque-nerd
ttf-fantasque-sans-mono
udiskie
ufw
unzip
visual-studio-code-bin
vpl-gpu-rt
vulkan-intel
vulkan-nouveau
vulkan-radeon
waybar
wev
wget
wireless_tools
wireplumber
wl-screenrec-git
wofi
wpa_supplicant
xdg-desktop-portal-gtk
xdg-desktop-portal-hyprland
xdg-user-dirs
xdg-utils
xf86-video-amdgpu
xf86-video-ati
xf86-video-nouveau
xf86-video-vmware
xorg-server
xorg-xinit
xorg-xinput
ydotool-git
zram-generator
zsh
zsh-autopair-git
zsh-autosuggestions-git
zsh-completions-git
zsh-fast-syntax-highlighting-git
zsh-fzf-plugin-git
zsh-sudo
zsh-system-clipboard-git
zsh-thefuck-git